// Jest Snapshot v1, https://goo.gl/fbAQLP

exports[`<Calculator /> has a valid snapshot 1`] = `
<div>
  <h1>
    REACTulator
  </h1>
  <form>
    <div
      className="store"
    >
      <span />
    </div>
    <input
      className="display"
      disabled={true}
      type="text"
    />
    <br />
    <div
      className="wrapper"
    >
      <div
        className="top-row"
      >
        <input
          className="button func"
          type="button"
          value="ce"
        />
        <input
          className="button func"
          type="button"
          value="c"
        />
        <input
          className="button mod"
          type="button"
          value="+/-"
        />
      </div>
      <div
        className="button-row"
      >
        <input
          className="button number"
          type="button"
          value="7"
        />
        <input
          className="button number"
          type="button"
          value="8"
        />
        <input
          className="button number"
          type="button"
          value="9"
        />
        <input
          className="button op"
          type="button"
          value="/"
        />
      </div>
      <div
        className="button-row"
      >
        <input
          className="button number"
          type="button"
          value="4"
        />
        <input
          className="button number"
          type="button"
          value="5"
        />
        <input
          className="button number"
          type="button"
          value="6"
        />
        <input
          className="button op"
          type="button"
          value="x"
        />
      </div>
      <div
        className="button-row"
      >
        <input
          className="button number"
          type="button"
          value="1"
        />
        <input
          className="button number"
          type="button"
          value="2"
        />
        <input
          className="button number"
          type="button"
          value="3"
        />
        <input
          className="button op"
          type="button"
          value="-"
        />
      </div>
      <div
        className="button-row"
      >
        <input
          className="button number"
          type="button"
          value="0"
        />
        <input
          className="button mod"
          type="button"
          value="."
        />
        <input
          className="button func"
          id="calc"
          onClick={[Function]}
          type="button"
          value="="
        />
        <input
          className="button op"
          type="button"
          value="+"
        />
      </div>
    </div>
  </form>
</div>
`;
